 Image iotagri-api Building 
 Image iotagri-api Built 
 Network iotagri_default Creating 
 Volume iotagri_postgres-data Creating 
 Network iotagri_default Creating 
 Volume iotagri_mosquitto-data Creating 
 Volume iotagri_mosquitto-log Creating 
 Volume iotagri_postgres-data Creating 
 Volume iotagri_mosquitto-data Creating 
 Volume iotagri_mosquitto-log Creating 
 Volume iotagri_mosquitto-log Created 
 Volume iotagri_mosquitto-log Created 
 Volume iotagri_mosquitto-data Created 
 Volume iotagri_mosquitto-data Created 
 Volume iotagri_postgres-data Created 
 Volume iotagri_postgres-data Created 
 Network iotagri_default Created 
 Network iotagri_default Created 
 Container iotagri-mosquitto-1 Creating 
 Container iotagri-postgres-1 Creating 
 Container iotagri-mosquitto-1 Created 
 Container iotagri-postgres-1 Created 
 Container iotagri-api-1 Creating 
 Container iotagri-api-1 Created 
 Container iotagri-mosquitto-1 Starting 
 Container iotagri-postgres-1 Starting 
 Container iotagri-mosquitto-1 Started 
 Container iotagri-postgres-1 Started 
 Container iotagri-postgres-1 Waiting 
 Container iotagri-postgres-1 Healthy 
 Container iotagri-api-1 Starting 
 Container iotagri-api-1 Started 
