#1 [internal] load local bake definitions
#1 reading from stdin 513B done
#1 DONE 0.0s

#2 [internal] load build definition from Dockerfile
#2 transferring dockerfile:
#2 transferring dockerfile: 466B 0.0s done
#2 DONE 0.1s

#3 [internal] load metadata for mcr.microsoft.com/dotnet/aspnet:10.0
#3 ...

#4 [internal] load metadata for mcr.microsoft.com/dotnet/sdk:10.0
#4 DONE 0.5s

#3 [internal] load metadata for mcr.microsoft.com/dotnet/aspnet:10.0
#3 DONE 1.1s

#5 [internal] load .dockerignore
#5 transferring context:
#5 transferring context: 146B 0.1s done
#5 DONE 0.2s

#6 [stage-1 1/3] FROM mcr.microsoft.com/dotnet/aspnet:10.0@sha256:2d584d8147faddb0d678c5748d47953e5b8e18621ed4fb7049a91381d9d7746f
#6 resolve mcr.microsoft.com/dotnet/aspnet:10.0@sha256:2d584d8147faddb0d678c5748d47953e5b8e18621ed4fb7049a91381d9d7746f 0.1s done
#6 sha256:5e69a756d7854bdeaa612af1a66cfab8c8ea5b496b704eeb9fac5ec3ff5e7118 155B / 155B 1.7s done
#6 sha256:a5cebd405655232f15f734db62490e47124a0cb581430165b95a94181e7fc914 3.57kB / 3.57kB 2.1s done
#6 sha256:900a7e4f4a95ace020db70e2884d34b23086c5b30cfb33f7649ba218e4813d4c 12.74MB / 12.74MB 73.6s done
#6 sha256:ea6cb4dbc0441ebd0533ffbd6a74ab2beda50e0405abcf7f0970e98d50e7cb1c 16.78MB / 16.78MB 53.3s done
#6 sha256:6b5ca14511f7caa4a8cfbe9a3b02f35dcc941eb7f35268face0d5633b659e6aa 13.63MB / 36.60MB 78.9s
#6 sha256:a60ef8ec184edb5ed91f5983f00261359fb2fe20f603e8d488b9477d32fcad70 9.44MB / 29.76MB 76.7s
#6 sha256:6b5ca14511f7caa4a8cfbe9a3b02f35dcc941eb7f35268face0d5633b659e6aa 13.63MB / 36.60MB 83.9s
#6 sha256:a60ef8ec184edb5ed91f5983f00261359fb2fe20f603e8d488b9477d32fcad70 9.44MB / 29.76MB 81.8s
#6 sha256:a60ef8ec184edb5ed91f5983f00261359fb2fe20f603e8d488b9477d32fcad70 11.53MB / 29.76MB 85.2s
#6 ...

#7 [build 1/6] FROM mcr.microsoft.com/dotnet/sdk:10.0@sha256:35d40304542c8689331f8cab17c65926cdf48fe711e289321d71924b230a7d29
#7 resolve mcr.microsoft.com/dotnet/sdk:10.0@sha256:35d40304542c8689331f8cab17c65926cdf48fe711e289321d71924b230a7d29 0.1s done
#7 sha256:8ebcd0b81eab9c66536808cb48a6a8e712d8a1a9bed1a7a9c0d9fac76a797754 0B / 189.60MB 15.1s
#7 sha256:8ccc63740347e02ec875e83e36c3d87332868b615b4a9d3e63690ab9c61ec3e3 10.49MB / 20.57MB 33.6s
#7 ...

#8 [internal] load build context
#8 transferring context: 46.97MB 9.1s
#8 ...

#6 [stage-1 1/3] FROM mcr.microsoft.com/dotnet/aspnet:10.0@sha256:2d584d8147faddb0d678c5748d47953e5b8e18621ed4fb7049a91381d9d7746f
#6 sha256:6b5ca14511f7caa4a8cfbe9a3b02f35dcc941eb7f35268face0d5633b659e6aa 13.63MB / 36.60MB 89.2s
#6 sha256:a60ef8ec184edb5ed91f5983f00261359fb2fe20f603e8d488b9477d32fcad70 13.63MB / 29.76MB 88.2s
#6 sha256:a60ef8ec184edb5ed91f5983f00261359fb2fe20f603e8d488b9477d32fcad70 15.73MB / 29.76MB 90.3s
#6 sha256:6b5ca14511f7caa4a8cfbe9a3b02f35dcc941eb7f35268face0d5633b659e6aa 14.68MB / 36.60MB 94.2s
#6 ...

#7 [build 1/6] FROM mcr.microsoft.com/dotnet/sdk:10.0@sha256:35d40304542c8689331f8cab17c65926cdf48fe711e289321d71924b230a7d29
#7 sha256:8ebcd0b81eab9c66536808cb48a6a8e712d8a1a9bed1a7a9c0d9fac76a797754 2.10MB / 189.60MB 23.8s
#7 sha256:8ccc63740347e02ec875e83e36c3d87332868b615b4a9d3e63690ab9c61ec3e3 11.53MB / 20.57MB 42.3s
#7 ...

#6 [stage-1 1/3] FROM mcr.microsoft.com/dotnet/aspnet:10.0@sha256:2d584d8147faddb0d678c5748d47953e5b8e18621ed4fb7049a91381d9d7746f
#6 sha256:a60ef8ec184edb5ed91f5983f00261359fb2fe20f603e8d488b9477d32fcad70 16.78MB / 29.76MB 95.7s
#6 ...

#8 [internal] load build context
#8 transferring context: 65.71MB 19.7s
#8 ...

#7 [build 1/6] FROM mcr.microsoft.com/dotnet/sdk:10.0@sha256:35d40304542c8689331f8cab17c65926cdf48fe711e289321d71924b230a7d29
#7 ...

#8 [internal] load build context
#8 transferring context: 68.42MB 21.0s done
#8 DONE 21.1s

#7 [build 1/6] FROM mcr.microsoft.com/dotnet/sdk:10.0@sha256:35d40304542c8689331f8cab17c65926cdf48fe711e289321d71924b230a7d29
#7 sha256:8ebcd0b81eab9c66536808cb48a6a8e712d8a1a9bed1a7a9c0d9fac76a797754 3.15MB / 189.60MB 28.9s
#7 sha256:8ccc63740347e02ec875e83e36c3d87332868b615b4a9d3e63690ab9c61ec3e3 11.53MB / 20.57MB 47.4s
#7 sha256:8ccc63740347e02ec875e83e36c3d87332868b615b4a9d3e63690ab9c61ec3e3 12.58MB / 20.57MB 51.6s
#7 sha256:8ebcd0b81eab9c66536808cb48a6a8e712d8a1a9bed1a7a9c0d9fac76a797754 3.15MB / 189.60MB 34.0s
#7 ...

#6 [stage-1 1/3] FROM mcr.microsoft.com/dotnet/aspnet:10.0@sha256:2d584d8147faddb0d678c5748d47953e5b8e18621ed4fb7049a91381d9d7746f
#6 sha256:6b5ca14511f7caa4a8cfbe9a3b02f35dcc941eb7f35268face0d5633b659e6aa 15.73MB / 36.60MB 109.6s
#6 sha256:a60ef8ec184edb5ed91f5983f00261359fb2fe20f603e8d488b9477d32fcad70 18.87MB / 29.76MB 107.4s
#6 ...

#7 [build 1/6] FROM mcr.microsoft.com/dotnet/sdk:10.0@sha256:35d40304542c8689331f8cab17c65926cdf48fe711e289321d71924b230a7d29
#7 sha256:8ccc63740347e02ec875e83e36c3d87332868b615b4a9d3e63690ab9c61ec3e3 12.58MB / 20.57MB 56.7s
#7 sha256:8ebcd0b81eab9c66536808cb48a6a8e712d8a1a9bed1a7a9c0d9fac76a797754 4.19MB / 189.60MB 39.1s
#7 sha256:8ccc63740347e02ec875e83e36c3d87332868b615b4a9d3e63690ab9c61ec3e3 12.58MB / 20.57MB 61.8s
#7 sha256:8ebcd0b81eab9c66536808cb48a6a8e712d8a1a9bed1a7a9c0d9fac76a797754 4.19MB / 189.60MB 44.2s
#7 ...

#6 [stage-1 1/3] FROM mcr.microsoft.com/dotnet/aspnet:10.0@sha256:2d584d8147faddb0d678c5748d47953e5b8e18621ed4fb7049a91381d9d7746f
#6 sha256:6b5ca14511f7caa4a8cfbe9a3b02f35dcc941eb7f35268face0d5633b659e6aa 15.73MB / 36.60MB 119.9s
#6 sha256:a60ef8ec184edb5ed91f5983f00261359fb2fe20f603e8d488b9477d32fcad70 19.92MB / 29.76MB 117.6s
#6 ...

#7 [build 1/6] FROM mcr.microsoft.com/dotnet/sdk:10.0@sha256:35d40304542c8689331f8cab17c65926cdf48fe711e289321d71924b230a7d29
#7 sha256:8ccc63740347e02ec875e83e36c3d87332868b615b4a9d3e63690ab9c61ec3e3 12.58MB / 20.57MB 66.8s
#7 sha256:8ebcd0b81eab9c66536808cb48a6a8e712d8a1a9bed1a7a9c0d9fac76a797754 4.19MB / 189.60MB 49.3s
#7 sha256:8ccc63740347e02ec875e83e36c3d87332868b615b4a9d3e63690ab9c61ec3e3 12.58MB / 20.57MB 71.9s
#7 sha256:8ebcd0b81eab9c66536808cb48a6a8e712d8a1a9bed1a7a9c0d9fac76a797754 4.19MB / 189.60MB 54.4s
#7 sha256:8ccc63740347e02ec875e83e36c3d87332868b615b4a9d3e63690ab9c61ec3e3 13.63MB / 20.57MB 73.0s
#7 ...

#6 [stage-1 1/3] FROM mcr.microsoft.com/dotnet/aspnet:10.0@sha256:2d584d8147faddb0d678c5748d47953e5b8e18621ed4fb7049a91381d9d7746f
#6 sha256:6b5ca14511f7caa4a8cfbe9a3b02f35dcc941eb7f35268face0d5633b659e6aa 16.78MB / 36.60MB 129.8s
#6 sha256:a60ef8ec184edb5ed91f5983f00261359fb2fe20f603e8d488b9477d32fcad70 20.97MB / 29.76MB 127.5s
#6 ...

#7 [build 1/6] FROM mcr.microsoft.com/dotnet/sdk:10.0@sha256:35d40304542c8689331f8cab17c65926cdf48fe711e289321d71924b230a7d29
#7 sha256:8ccc63740347e02ec875e83e36c3d87332868b615b4a9d3e63690ab9c61ec3e3 14.68MB / 20.57MB 76.9s
#7 sha256:8ebcd0b81eab9c66536808cb48a6a8e712d8a1a9bed1a7a9c0d9fac76a797754 5.24MB / 189.60MB 59.5s
#7 sha256:8ccc63740347e02ec875e83e36c3d87332868b615b4a9d3e63690ab9c61ec3e3 15.73MB / 20.57MB 78.8s
#7 sha256:8ccc63740347e02ec875e83e36c3d87332868b615b4a9d3e63690ab9c61ec3e3 16.78MB / 20.57MB 81.1s
#7 sha256:8ebcd0b81eab9c66536808cb48a6a8e712d8a1a9bed1a7a9c0d9fac76a797754 5.24MB / 189.60MB 64.6s
#7 ...

#6 [stage-1 1/3] FROM mcr.microsoft.com/dotnet/aspnet:10.0@sha256:2d584d8147faddb0d678c5748d47953e5b8e18621ed4fb7049a91381d9d7746f
#6 sha256:6b5ca14511f7caa4a8cfbe9a3b02f35dcc941eb7f35268face0d5633b659e6aa 16.78MB / 36.60MB 140.4s
#6 sha256:a60ef8ec184edb5ed91f5983f00261359fb2fe20f603e8d488b9477d32fcad70 22.02MB / 29.76MB 138.3s
#6 ...

#7 [build 1/6] FROM mcr.microsoft.com/dotnet/sdk:10.0@sha256:35d40304542c8689331f8cab17c65926cdf48fe711e289321d71924b230a7d29
#7 sha256:8ccc63740347e02ec875e83e36c3d87332868b615b4a9d3e63690ab9c61ec3e3 16.78MB / 20.57MB 86.2s
#7 sha256:8ebcd0b81eab9c66536808cb48a6a8e712d8a1a9bed1a7a9c0d9fac76a797754 5.24MB / 189.60MB 69.7s
#7 sha256:8ccc63740347e02ec875e83e36c3d87332868b615b4a9d3e63690ab9c61ec3e3 16.78MB / 20.57MB 91.2s
#7 sha256:8ccc63740347e02ec875e83e36c3d87332868b615b4a9d3e63690ab9c61ec3e3 17.83MB / 20.57MB 91.5s
#7 sha256:8ebcd0b81eab9c66536808cb48a6a8e712d8a1a9bed1a7a9c0d9fac76a797754 6.29MB / 189.60MB 74.7s
#7 ...

#6 [stage-1 1/3] FROM mcr.microsoft.com/dotnet/aspnet:10.0@sha256:2d584d8147faddb0d678c5748d47953e5b8e18621ed4fb7049a91381d9d7746f
#6 sha256:6b5ca14511f7caa4a8cfbe9a3b02f35dcc941eb7f35268face0d5633b659e6aa 17.83MB / 36.60MB 150.6s
#6 sha256:a60ef8ec184edb5ed91f5983f00261359fb2fe20f603e8d488b9477d32fcad70 23.07MB / 29.76MB 148.5s
#6 ...

#7 [build 1/6] FROM mcr.microsoft.com/dotnet/sdk:10.0@sha256:35d40304542c8689331f8cab17c65926cdf48fe711e289321d71924b230a7d29
#7 sha256:8ccc63740347e02ec875e83e36c3d87332868b615b4a9d3e63690ab9c61ec3e3 17.83MB / 20.57MB 96.6s
#7 sha256:8ebcd0b81eab9c66536808cb48a6a8e712d8a1a9bed1a7a9c0d9fac76a797754 7.34MB / 189.60MB 79.8s
#7 sha256:8ccc63740347e02ec875e83e36c3d87332868b615b4a9d3e63690ab9c61ec3e3 17.83MB / 20.57MB 101.7s
#7 sha256:8ebcd0b81eab9c66536808cb48a6a8e712d8a1a9bed1a7a9c0d9fac76a797754 7.34MB / 189.60MB 85.0s
#7 ...

#6 [stage-1 1/3] FROM mcr.microsoft.com/dotnet/aspnet:10.0@sha256:2d584d8147faddb0d678c5748d47953e5b8e18621ed4fb7049a91381d9d7746f
#6 sha256:6b5ca14511f7caa4a8cfbe9a3b02f35dcc941eb7f35268face0d5633b659e6aa 18.87MB / 36.60MB 160.8s
#6 sha256:a60ef8ec184edb5ed91f5983f00261359fb2fe20f603e8d488b9477d32fcad70 23.07MB / 29.76MB 158.7s
#6 ...

#7 [build 1/6] FROM mcr.microsoft.com/dotnet/sdk:10.0@sha256:35d40304542c8689331f8cab17c65926cdf48fe711e289321d71924b230a7d29
#7 sha256:8ccc63740347e02ec875e83e36c3d87332868b615b4a9d3e63690ab9c61ec3e3 17.83MB / 20.57MB 106.8s
#7 sha256:8ebcd0b81eab9c66536808cb48a6a8e712d8a1a9bed1a7a9c0d9fac76a797754 7.34MB / 189.60MB 90.0s
#7 sha256:8ccc63740347e02ec875e83e36c3d87332868b615b4a9d3e63690ab9c61ec3e3 17.83MB / 20.57MB 111.9s
#7 sha256:8ebcd0b81eab9c66536808cb48a6a8e712d8a1a9bed1a7a9c0d9fac76a797754 7.34MB / 189.60MB 95.1s
#7 ...

#6 [stage-1 1/3] FROM mcr.microsoft.com/dotnet/aspnet:10.0@sha256:2d584d8147faddb0d678c5748d47953e5b8e18621ed4fb7049a91381d9d7746f
#6 sha256:6b5ca14511f7caa4a8cfbe9a3b02f35dcc941eb7f35268face0d5633b659e6aa 18.87MB / 36.60MB 171.0s
#6 sha256:a60ef8ec184edb5ed91f5983f00261359fb2fe20f603e8d488b9477d32fcad70 23.07MB / 29.76MB 168.9s
#6 ...

#7 [build 1/6] FROM mcr.microsoft.com/dotnet/sdk:10.0@sha256:35d40304542c8689331f8cab17c65926cdf48fe711e289321d71924b230a7d29
#7 sha256:8ccc63740347e02ec875e83e36c3d87332868b615b4a9d3e63690ab9c61ec3e3 18.87MB / 20.57MB 116.8s
#7 sha256:8ebcd0b81eab9c66536808cb48a6a8e712d8a1a9bed1a7a9c0d9fac76a797754 7.34MB / 189.60MB 100.2s
#7 sha256:8ccc63740347e02ec875e83e36c3d87332868b615b4a9d3e63690ab9c61ec3e3 18.87MB / 20.57MB 121.8s
#7 sha256:8ebcd0b81eab9c66536808cb48a6a8e712d8a1a9bed1a7a9c0d9fac76a797754 8.39MB / 189.60MB 105.3s
#7 sha256:8ccc63740347e02ec875e83e36c3d87332868b615b4a9d3e63690ab9c61ec3e3 19.92MB / 20.57MB 125.6s
#7 ...

#6 [stage-1 1/3] FROM mcr.microsoft.com/dotnet/aspnet:10.0@sha256:2d584d8147faddb0d678c5748d47953e5b8e18621ed4fb7049a91381d9d7746f
#6 sha256:6b5ca14511f7caa4a8cfbe9a3b02f35dcc941eb7f35268face0d5633b659e6aa 20.97MB / 36.60MB 181.2s
#6 sha256:a60ef8ec184edb5ed91f5983f00261359fb2fe20f603e8d488b9477d32fcad70 25.17MB / 29.76MB 179.1s
#6 ...

#7 [build 1/6] FROM mcr.microsoft.com/dotnet/sdk:10.0@sha256:35d40304542c8689331f8cab17c65926cdf48fe711e289321d71924b230a7d29
#7 sha256:8ebcd0b81eab9c66536808cb48a6a8e712d8a1a9bed1a7a9c0d9fac76a797754 8.39MB / 189.60MB 110.4s
#7 sha256:8ccc63740347e02ec875e83e36c3d87332868b615b4a9d3e63690ab9c61ec3e3 20.57MB / 20.57MB 130.7s
#7 sha256:8ccc63740347e02ec875e83e36c3d87332868b615b4a9d3e63690ab9c61ec3e3 20.57MB / 20.57MB 132.4s done
#7 sha256:3764d0bde8e56f9d1f8484738536609feaf082dc402901650dc083cc306ad317 0B / 21.02MB 0.2s
#7 sha256:8ebcd0b81eab9c66536808cb48a6a8e712d8a1a9bed1a7a9c0d9fac76a797754 9.44MB / 189.60MB 115.6s
#7 ...

#6 [stage-1 1/3] FROM mcr.microsoft.com/dotnet/aspnet:10.0@sha256:2d584d8147faddb0d678c5748d47953e5b8e18621ed4fb7049a91381d9d7746f
#6 sha256:6b5ca14511f7caa4a8cfbe9a3b02f35dcc941eb7f35268face0d5633b659e6aa 25.17MB / 36.60MB 191.2s
#6 sha256:a60ef8ec184edb5ed91f5983f00261359fb2fe20f603e8d488b9477d32fcad70 28.31MB / 29.76MB 189.0s
#6 ...

#7 [build 1/6] FROM mcr.microsoft.com/dotnet/sdk:10.0@sha256:35d40304542c8689331f8cab17c65926cdf48fe711e289321d71924b230a7d29
#7 sha256:3764d0bde8e56f9d1f8484738536609feaf082dc402901650dc083cc306ad317 1.05MB / 21.02MB 5.3s
#7 sha256:8ebcd0b81eab9c66536808cb48a6a8e712d8a1a9bed1a7a9c0d9fac76a797754 11.53MB / 189.60MB 120.6s
#7 sha256:3764d0bde8e56f9d1f8484738536609feaf082dc402901650dc083cc306ad317 3.15MB / 21.02MB 6.4s
#7 sha256:3764d0bde8e56f9d1f8484738536609feaf082dc402901650dc083cc306ad317 5.24MB / 21.02MB 7.6s
#7 sha256:3764d0bde8e56f9d1f8484738536609feaf082dc402901650dc083cc306ad317 7.34MB / 21.02MB 8.8s
#7 sha256:bf8d9f0af4cf5add254d88fe495b0612b141d3eb4d42a1eca9f67085516cf8a7 0B / 23.83MB 0.2s
#7 sha256:3764d0bde8e56f9d1f8484738536609feaf082dc402901650dc083cc306ad317 9.44MB / 21.02MB 10.2s
#7 sha256:8ebcd0b81eab9c66536808cb48a6a8e712d8a1a9bed1a7a9c0d9fac76a797754 12.58MB / 189.60MB 125.7s
#7 ...

#6 [stage-1 1/3] FROM mcr.microsoft.com/dotnet/aspnet:10.0@sha256:2d584d8147faddb0d678c5748d47953e5b8e18621ed4fb7049a91381d9d7746f
#6 sha256:6b5ca14511f7caa4a8cfbe9a3b02f35dcc941eb7f35268face0d5633b659e6aa 27.26MB / 36.60MB 201.7s
#6 sha256:a60ef8ec184edb5ed91f5983f00261359fb2fe20f603e8d488b9477d32fcad70 29.76MB / 29.76MB 194.4s done
#6 extracting sha256:a60ef8ec184edb5ed91f5983f00261359fb2fe20f603e8d488b9477d32fcad70
#6 ...

#7 [build 1/6] FROM mcr.microsoft.com/dotnet/sdk:10.0@sha256:35d40304542c8689331f8cab17c65926cdf48fe711e289321d71924b230a7d29
#7 sha256:bf8d9f0af4cf5add254d88fe495b0612b141d3eb4d42a1eca9f67085516cf8a7 1.05MB / 23.83MB 5.3s
#7 sha256:3764d0bde8e56f9d1f8484738536609feaf082dc402901650dc083cc306ad317 11.53MB / 21.02MB 14.2s
#7 sha256:8ebcd0b81eab9c66536808cb48a6a8e712d8a1a9bed1a7a9c0d9fac76a797754 12.58MB / 189.60MB 130.8s
#7 sha256:bf8d9f0af4cf5add254d88fe495b0612b141d3eb4d42a1eca9f67085516cf8a7 3.15MB / 23.83MB 9.8s
#7 sha256:3764d0bde8e56f9d1f8484738536609feaf082dc402901650dc083cc306ad317 11.53MB / 21.02MB 20.6s
#7 sha256:8ebcd0b81eab9c66536808cb48a6a8e712d8a1a9bed1a7a9c0d9fac76a797754 13.63MB / 189.60MB 136.0s
#7 sha256:3764d0bde8e56f9d1f8484738536609feaf082dc402901650dc083cc306ad317 13.63MB / 21.02MB 21.8s
#7 sha256:bf8d9f0af4cf5add254d88fe495b0612b141d3eb4d42a1eca9f67085516cf8a7 5.24MB / 23.83MB 12.9s
#7 sha256:3764d0bde8e56f9d1f8484738536609feaf082dc402901650dc083cc306ad317 15.73MB / 21.02MB 23.4s
#7 ...

#6 [stage-1 1/3] FROM mcr.microsoft.com/dotnet/aspnet:10.0@sha256:2d584d8147faddb0d678c5748d47953e5b8e18621ed4fb7049a91381d9d7746f
#6 sha256:6b5ca14511f7caa4a8cfbe9a3b02f35dcc941eb7f35268face0d5633b659e6aa 27.26MB / 36.60MB 211.8s
#6 ...

#7 [build 1/6] FROM mcr.microsoft.com/dotnet/sdk:10.0@sha256:35d40304542c8689331f8cab17c65926cdf48fe711e289321d71924b230a7d29
#7 sha256:3764d0bde8e56f9d1f8484738536609feaf082dc402901650dc083cc306ad317 17.83MB / 21.02MB 25.7s
#7 sha256:8ebcd0b81eab9c66536808cb48a6a8e712d8a1a9bed1a7a9c0d9fac76a797754 13.63MB / 189.60MB 141.1s
#7 sha256:bf8d9f0af4cf5add254d88fe495b0612b141d3eb4d42a1eca9f67085516cf8a7 5.24MB / 23.83MB 18.1s
#7 sha256:3764d0bde8e56f9d1f8484738536609feaf082dc402901650dc083cc306ad317 19.92MB / 21.02MB 28.2s
#7 sha256:8ebcd0b81eab9c66536808cb48a6a8e712d8a1a9bed1a7a9c0d9fac76a797754 13.63MB / 189.60MB 146.2s
#7 sha256:bf8d9f0af4cf5add254d88fe495b0612b141d3eb4d42a1eca9f67085516cf8a7 6.29MB / 23.83MB 23.2s
#7 sha256:3764d0bde8e56f9d1f8484738536609feaf082dc402901650dc083cc306ad317 21.02MB / 21.02MB 33.0s
#7 ...

#6 [stage-1 1/3] FROM mcr.microsoft.com/dotnet/aspnet:10.0@sha256:2d584d8147faddb0d678c5748d47953e5b8e18621ed4fb7049a91381d9d7746f
#6 sha256:6b5ca14511f7caa4a8cfbe9a3b02f35dcc941eb7f35268face0d5633b659e6aa 29.36MB / 36.60MB 222.7s
#6 extracting sha256:a60ef8ec184edb5ed91f5983f00261359fb2fe20f603e8d488b9477d32fcad70 23.9s done
#6 extracting sha256:ea6cb4dbc0441ebd0533ffbd6a74ab2beda50e0405abcf7f0970e98d50e7cb1c
#6 ...

#7 [build 1/6] FROM mcr.microsoft.com/dotnet/sdk:10.0@sha256:35d40304542c8689331f8cab17c65926cdf48fe711e289321d71924b230a7d29
#7 sha256:8ebcd0b81eab9c66536808cb48a6a8e712d8a1a9bed1a7a9c0d9fac76a797754 13.63MB / 189.60MB 151.2s
#7 sha256:bf8d9f0af4cf5add254d88fe495b0612b141d3eb4d42a1eca9f67085516cf8a7 6.29MB / 23.83MB 28.2s
#7 sha256:3764d0bde8e56f9d1f8484738536609feaf082dc402901650dc083cc306ad317 21.02MB / 21.02MB 38.1s
#7 sha256:8ebcd0b81eab9c66536808cb48a6a8e712d8a1a9bed1a7a9c0d9fac76a797754 14.68MB / 189.60MB 156.3s
#7 sha256:3764d0bde8e56f9d1f8484738536609feaf082dc402901650dc083cc306ad317 21.02MB / 21.02MB 42.1s done
#7 sha256:bf8d9f0af4cf5add254d88fe495b0612b141d3eb4d42a1eca9f67085516cf8a7 6.29MB / 23.83MB 33.3s
#7 sha256:5fe2b873c8840e85db37b83eb4f7306fc7b406e2714b68f4231520f2d5b72d6e 0B / 495B 0.2s
#7 sha256:5fe2b873c8840e85db37b83eb4f7306fc7b406e2714b68f4231520f2d5b72d6e 495B / 495B 2.0s done
#7 ...

#6 [stage-1 1/3] FROM mcr.microsoft.com/dotnet/aspnet:10.0@sha256:2d584d8147faddb0d678c5748d47953e5b8e18621ed4fb7049a91381d9d7746f
#6 sha256:6b5ca14511f7caa4a8cfbe9a3b02f35dcc941eb7f35268face0d5633b659e6aa 30.41MB / 36.60MB 233.2s
#6 ...

#7 [build 1/6] FROM mcr.microsoft.com/dotnet/sdk:10.0@sha256:35d40304542c8689331f8cab17c65926cdf48fe711e289321d71924b230a7d29
#7 sha256:8ebcd0b81eab9c66536808cb48a6a8e712d8a1a9bed1a7a9c0d9fac76a797754 14.68MB / 189.60MB 161.4s
#7 sha256:bf8d9f0af4cf5add254d88fe495b0612b141d3eb4d42a1eca9f67085516cf8a7 7.34MB / 23.83MB 38.4s
#7 sha256:8ebcd0b81eab9c66536808cb48a6a8e712d8a1a9bed1a7a9c0d9fac76a797754 14.68MB / 189.60MB 166.5s
#7 sha256:bf8d9f0af4cf5add254d88fe495b0612b141d3eb4d42a1eca9f67085516cf8a7 7.34MB / 23.83MB 43.6s
#7 ...

#6 [stage-1 1/3] FROM mcr.microsoft.com/dotnet/aspnet:10.0@sha256:2d584d8147faddb0d678c5748d47953e5b8e18621ed4fb7049a91381d9d7746f
#6 sha256:6b5ca14511f7caa4a8cfbe9a3b02f35dcc941eb7f35268face0d5633b659e6aa 33.55MB / 36.60MB 242.9s
#6 extracting sha256:ea6cb4dbc0441ebd0533ffbd6a74ab2beda50e0405abcf7f0970e98d50e7cb1c 13.3s done
#6 extracting sha256:a5cebd405655232f15f734db62490e47124a0cb581430165b95a94181e7fc914 1.2s done
#6 ...

#7 [build 1/6] FROM mcr.microsoft.com/dotnet/sdk:10.0@sha256:35d40304542c8689331f8cab17c65926cdf48fe711e289321d71924b230a7d29
#7 sha256:8ebcd0b81eab9c66536808cb48a6a8e712d8a1a9bed1a7a9c0d9fac76a797754 15.73MB / 189.60MB 171.8s
#7 sha256:bf8d9f0af4cf5add254d88fe495b0612b141d3eb4d42a1eca9f67085516cf8a7 8.39MB / 23.83MB 48.7s
#7 sha256:8ebcd0b81eab9c66536808cb48a6a8e712d8a1a9bed1a7a9c0d9fac76a797754 16.78MB / 189.60MB 177.0s
#7 sha256:bf8d9f0af4cf5add254d88fe495b0612b141d3eb4d42a1eca9f67085516cf8a7 9.44MB / 23.83MB 53.8s
#7 ...

#6 [stage-1 1/3] FROM mcr.microsoft.com/dotnet/aspnet:10.0@sha256:2d584d8147faddb0d678c5748d47953e5b8e18621ed4fb7049a91381d9d7746f
#6 sha256:6b5ca14511f7caa4a8cfbe9a3b02f35dcc941eb7f35268face0d5633b659e6aa 36.60MB / 36.60MB 251.4s done
#6 DONE 252.3s

#7 [build 1/6] FROM mcr.microsoft.com/dotnet/sdk:10.0@sha256:35d40304542c8689331f8cab17c65926cdf48fe711e289321d71924b230a7d29
#7 sha256:8ebcd0b81eab9c66536808cb48a6a8e712d8a1a9bed1a7a9c0d9fac76a797754 16.78MB / 189.60MB 182.1s
#7 sha256:bf8d9f0af4cf5add254d88fe495b0612b141d3eb4d42a1eca9f67085516cf8a7 9.44MB / 23.83MB 58.9s
#7 sha256:8ebcd0b81eab9c66536808cb48a6a8e712d8a1a9bed1a7a9c0d9fac76a797754 16.78MB / 189.60MB 187.2s
#7 sha256:bf8d9f0af4cf5add254d88fe495b0612b141d3eb4d42a1eca9f67085516cf8a7 9.44MB / 23.83MB 64.0s
#7 ...

#6 [stage-1 1/3] FROM mcr.microsoft.com/dotnet/aspnet:10.0@sha256:2d584d8147faddb0d678c5748d47953e5b8e18621ed4fb7049a91381d9d7746f
#6 extracting sha256:6b5ca14511f7caa4a8cfbe9a3b02f35dcc941eb7f35268face0d5633b659e6aa 8.3s done
#6 extracting sha256:5e69a756d7854bdeaa612af1a66cfab8c8ea5b496b704eeb9fac5ec3ff5e7118 1.3s done
#6 DONE 261.9s

#7 [build 1/6] FROM mcr.microsoft.com/dotnet/sdk:10.0@sha256:35d40304542c8689331f8cab17c65926cdf48fe711e289321d71924b230a7d29
#7 ...

#6 [stage-1 1/3] FROM mcr.microsoft.com/dotnet/aspnet:10.0@sha256:2d584d8147faddb0d678c5748d47953e5b8e18621ed4fb7049a91381d9d7746f
#6 extracting sha256:900a7e4f4a95ace020db70e2884d34b23086c5b30cfb33f7649ba218e4813d4c
#6 extracting sha256:900a7e4f4a95ace020db70e2884d34b23086c5b30cfb33f7649ba218e4813d4c 1.8s done
#6 DONE 263.7s

#7 [build 1/6] FROM mcr.microsoft.com/dotnet/sdk:10.0@sha256:35d40304542c8689331f8cab17c65926cdf48fe711e289321d71924b230a7d29
#7 ...

#9 [stage-1 2/3] WORKDIR /app
#9 DONE 0.4s

#7 [build 1/6] FROM mcr.microsoft.com/dotnet/sdk:10.0@sha256:35d40304542c8689331f8cab17c65926cdf48fe711e289321d71924b230a7d29
#7 sha256:8ebcd0b81eab9c66536808cb48a6a8e712d8a1a9bed1a7a9c0d9fac76a797754 16.78MB / 189.60MB 192.3s
#7 sha256:bf8d9f0af4cf5add254d88fe495b0612b141d3eb4d42a1eca9f67085516cf8a7 9.44MB / 23.83MB 69.1s
#7 sha256:8ebcd0b81eab9c66536808cb48a6a8e712d8a1a9bed1a7a9c0d9fac76a797754 16.78MB / 189.60MB 197.4s
#7 sha256:bf8d9f0af4cf5add254d88fe495b0612b141d3eb4d42a1eca9f67085516cf8a7 9.44MB / 23.83MB 74.3s
#7 sha256:8ebcd0b81eab9c66536808cb48a6a8e712d8a1a9bed1a7a9c0d9fac76a797754 16.78MB / 189.60MB 202.5s
#7 sha256:bf8d9f0af4cf5add254d88fe495b0612b141d3eb4d42a1eca9f67085516cf8a7 10.49MB / 23.83MB 79.4s
#7 sha256:8ebcd0b81eab9c66536808cb48a6a8e712d8a1a9bed1a7a9c0d9fac76a797754 16.78MB / 189.60MB 207.6s
#7 sha256:bf8d9f0af4cf5add254d88fe495b0612b141d3eb4d42a1eca9f67085516cf8a7 10.49MB / 23.83MB 84.5s
#7 sha256:8ebcd0b81eab9c66536808cb48a6a8e712d8a1a9bed1a7a9c0d9fac76a797754 17.83MB / 189.60MB 212.7s
#7 sha256:bf8d9f0af4cf5add254d88fe495b0612b141d3eb4d42a1eca9f67085516cf8a7 10.49MB / 23.83MB 89.6s
#7 sha256:8ebcd0b81eab9c66536808cb48a6a8e712d8a1a9bed1a7a9c0d9fac76a797754 17.83MB / 189.60MB 217.8s
#7 sha256:bf8d9f0af4cf5add254d88fe495b0612b141d3eb4d42a1eca9f67085516cf8a7 11.53MB / 23.83MB 94.7s
#7 sha256:8ebcd0b81eab9c66536808cb48a6a8e712d8a1a9bed1a7a9c0d9fac76a797754 19.92MB / 189.60MB 222.9s
#7 sha256:bf8d9f0af4cf5add254d88fe495b0612b141d3eb4d42a1eca9f67085516cf8a7 12.58MB / 23.83MB 99.8s
#7 sha256:8ebcd0b81eab9c66536808cb48a6a8e712d8a1a9bed1a7a9c0d9fac76a797754 19.92MB / 189.60MB 228.0s
#7 sha256:bf8d9f0af4cf5add254d88fe495b0612b141d3eb4d42a1eca9f67085516cf8a7 13.63MB / 23.83MB 104.9s
#7 sha256:8ebcd0b81eab9c66536808cb48a6a8e712d8a1a9bed1a7a9c0d9fac76a797754 19.92MB / 189.60MB 233.1s
#7 sha256:bf8d9f0af4cf5add254d88fe495b0612b141d3eb4d42a1eca9f67085516cf8a7 13.63MB / 23.83MB 110.0s
#7 sha256:8ebcd0b81eab9c66536808cb48a6a8e712d8a1a9bed1a7a9c0d9fac76a797754 19.92MB / 189.60MB 238.1s
#7 sha256:bf8d9f0af4cf5add254d88fe495b0612b141d3eb4d42a1eca9f67085516cf8a7 13.63MB / 23.83MB 115.1s
#7 sha256:8ebcd0b81eab9c66536808cb48a6a8e712d8a1a9bed1a7a9c0d9fac76a797754 19.92MB / 189.60MB 243.2s
#7 sha256:bf8d9f0af4cf5add254d88fe495b0612b141d3eb4d42a1eca9f67085516cf8a7 13.63MB / 23.83MB 120.2s
#7 sha256:8ebcd0b81eab9c66536808cb48a6a8e712d8a1a9bed1a7a9c0d9fac76a797754 20.97MB / 189.60MB 248.3s
#7 sha256:bf8d9f0af4cf5add254d88fe495b0612b141d3eb4d42a1eca9f67085516cf8a7 14.68MB / 23.83MB 125.3s
#7 sha256:8ebcd0b81eab9c66536808cb48a6a8e712d8a1a9bed1a7a9c0d9fac76a797754 20.97MB / 189.60MB 253.4s
#7 sha256:bf8d9f0af4cf5add254d88fe495b0612b141d3eb4d42a1eca9f67085516cf8a7 14.68MB / 23.83MB 130.3s
#7 sha256:8ebcd0b81eab9c66536808cb48a6a8e712d8a1a9bed1a7a9c0d9fac76a797754 20.97MB / 189.60MB 258.5s
#7 sha256:bf8d9f0af4cf5add254d88fe495b0612b141d3eb4d42a1eca9f67085516cf8a7 14.68MB / 23.83MB 135.4s
#7 sha256:8ebcd0b81eab9c66536808cb48a6a8e712d8a1a9bed1a7a9c0d9fac76a797754 20.97MB / 189.60MB 263.6s
#7 sha256:bf8d9f0af4cf5add254d88fe495b0612b141d3eb4d42a1eca9f67085516cf8a7 15.73MB / 23.83MB 140.5s
#7 sha256:8ebcd0b81eab9c66536808cb48a6a8e712d8a1a9bed1a7a9c0d9fac76a797754 22.02MB / 189.60MB 268.7s
#7 sha256:bf8d9f0af4cf5add254d88fe495b0612b141d3eb4d42a1eca9f67085516cf8a7 15.73MB / 23.83MB 145.7s
#7 sha256:8ebcd0b81eab9c66536808cb48a6a8e712d8a1a9bed1a7a9c0d9fac76a797754 22.02MB / 189.60MB 273.8s
#7 sha256:bf8d9f0af4cf5add254d88fe495b0612b141d3eb4d42a1eca9f67085516cf8a7 16.78MB / 23.83MB 150.8s
#7 sha256:8ebcd0b81eab9c66536808cb48a6a8e712d8a1a9bed1a7a9c0d9fac76a797754 22.02MB / 189.60MB 278.9s
#7 sha256:bf8d9f0af4cf5add254d88fe495b0612b141d3eb4d42a1eca9f67085516cf8a7 16.78MB / 23.83MB 155.9s
#7 sha256:8ebcd0b81eab9c66536808cb48a6a8e712d8a1a9bed1a7a9c0d9fac76a797754 22.02MB / 189.60MB 284.0s
#7 sha256:bf8d9f0af4cf5add254d88fe495b0612b141d3eb4d42a1eca9f67085516cf8a7 16.78MB / 23.83MB 160.9s
#7 sha256:8ebcd0b81eab9c66536808cb48a6a8e712d8a1a9bed1a7a9c0d9fac76a797754 23.07MB / 189.60MB 289.1s
#7 sha256:bf8d9f0af4cf5add254d88fe495b0612b141d3eb4d42a1eca9f67085516cf8a7 17.83MB / 23.83MB 166.0s
#7 sha256:8ebcd0b81eab9c66536808cb48a6a8e712d8a1a9bed1a7a9c0d9fac76a797754 23.07MB / 189.60MB 294.2s
#7 sha256:bf8d9f0af4cf5add254d88fe495b0612b141d3eb4d42a1eca9f67085516cf8a7 18.87MB / 23.83MB 171.1s
#7 sha256:8ebcd0b81eab9c66536808cb48a6a8e712d8a1a9bed1a7a9c0d9fac76a797754 23.07MB / 189.60MB 299.3s
#7 sha256:bf8d9f0af4cf5add254d88fe495b0612b141d3eb4d42a1eca9f67085516cf8a7 19.92MB / 23.83MB 176.2s
#7 sha256:8ebcd0b81eab9c66536808cb48a6a8e712d8a1a9bed1a7a9c0d9fac76a797754 24.12MB / 189.60MB 304.4s
#7 sha256:bf8d9f0af4cf5add254d88fe495b0612b141d3eb4d42a1eca9f67085516cf8a7 19.92MB / 23.83MB 181.3s
#7 sha256:8ebcd0b81eab9c66536808cb48a6a8e712d8a1a9bed1a7a9c0d9fac76a797754 24.12MB / 189.60MB 309.5s
#7 sha256:bf8d9f0af4cf5add254d88fe495b0612b141d3eb4d42a1eca9f67085516cf8a7 19.92MB / 23.83MB 186.4s
#7 sha256:8ebcd0b81eab9c66536808cb48a6a8e712d8a1a9bed1a7a9c0d9fac76a797754 24.12MB / 189.60MB 314.5s
#7 sha256:bf8d9f0af4cf5add254d88fe495b0612b141d3eb4d42a1eca9f67085516cf8a7 20.97MB / 23.83MB 191.5s
#7 sha256:8ebcd0b81eab9c66536808cb48a6a8e712d8a1a9bed1a7a9c0d9fac76a797754 25.17MB / 189.60MB 319.6s
#7 sha256:bf8d9f0af4cf5add254d88fe495b0612b141d3eb4d42a1eca9f67085516cf8a7 20.97MB / 23.83MB 196.6s
#7 sha256:8ebcd0b81eab9c66536808cb48a6a8e712d8a1a9bed1a7a9c0d9fac76a797754 28.31MB / 189.60MB 324.7s
#7 sha256:bf8d9f0af4cf5add254d88fe495b0612b141d3eb4d42a1eca9f67085516cf8a7 22.02MB / 23.83MB 201.7s
#7 sha256:8ebcd0b81eab9c66536808cb48a6a8e712d8a1a9bed1a7a9c0d9fac76a797754 30.41MB / 189.60MB 329.8s
#7 sha256:bf8d9f0af4cf5add254d88fe495b0612b141d3eb4d42a1eca9f67085516cf8a7 22.02MB / 23.83MB 206.8s
#7 sha256:bf8d9f0af4cf5add254d88fe495b0612b141d3eb4d42a1eca9f67085516cf8a7 23.83MB / 23.83MB 210.6s
#7 sha256:bf8d9f0af4cf5add254d88fe495b0612b141d3eb4d42a1eca9f67085516cf8a7 23.83MB / 23.83MB 210.7s done
#7 extracting sha256:bf8d9f0af4cf5add254d88fe495b0612b141d3eb4d42a1eca9f67085516cf8a7
#7 sha256:8ebcd0b81eab9c66536808cb48a6a8e712d8a1a9bed1a7a9c0d9fac76a797754 31.46MB / 189.60MB 334.9s
#7 extracting sha256:bf8d9f0af4cf5add254d88fe495b0612b141d3eb4d42a1eca9f67085516cf8a7 4.7s done
#7 sha256:8ebcd0b81eab9c66536808cb48a6a8e712d8a1a9bed1a7a9c0d9fac76a797754 33.55MB / 189.60MB 340.0s
#7 sha256:8ebcd0b81eab9c66536808cb48a6a8e712d8a1a9bed1a7a9c0d9fac76a797754 34.60MB / 189.60MB 345.1s
#7 sha256:8ebcd0b81eab9c66536808cb48a6a8e712d8a1a9bed1a7a9c0d9fac76a797754 34.60MB / 189.60MB 350.2s
#7 sha256:8ebcd0b81eab9c66536808cb48a6a8e712d8a1a9bed1a7a9c0d9fac76a797754 35.65MB / 189.60MB 355.3s
#7 sha256:8ebcd0b81eab9c66536808cb48a6a8e712d8a1a9bed1a7a9c0d9fac76a797754 35.65MB / 189.60MB 360.4s
#7 sha256:8ebcd0b81eab9c66536808cb48a6a8e712d8a1a9bed1a7a9c0d9fac76a797754 36.70MB / 189.60MB 365.5s
#7 sha256:8ebcd0b81eab9c66536808cb48a6a8e712d8a1a9bed1a7a9c0d9fac76a797754 37.75MB / 189.60MB 370.6s
#7 sha256:8ebcd0b81eab9c66536808cb48a6a8e712d8a1a9bed1a7a9c0d9fac76a797754 37.75MB / 189.60MB 375.6s
#7 sha256:8ebcd0b81eab9c66536808cb48a6a8e712d8a1a9bed1a7a9c0d9fac76a797754 40.89MB / 189.60MB 380.7s
#7 sha256:8ebcd0b81eab9c66536808cb48a6a8e712d8a1a9bed1a7a9c0d9fac76a797754 40.89MB / 189.60MB 385.8s
#7 sha256:8ebcd0b81eab9c66536808cb48a6a8e712d8a1a9bed1a7a9c0d9fac76a797754 42.99MB / 189.60MB 390.9s
#7 sha256:8ebcd0b81eab9c66536808cb48a6a8e712d8a1a9bed1a7a9c0d9fac76a797754 44.04MB / 189.60MB 396.0s
#7 sha256:8ebcd0b81eab9c66536808cb48a6a8e712d8a1a9bed1a7a9c0d9fac76a797754 46.14MB / 189.60MB 401.1s
#7 sha256:8ebcd0b81eab9c66536808cb48a6a8e712d8a1a9bed1a7a9c0d9fac76a797754 47.19MB / 189.60MB 406.2s
#7 sha256:8ebcd0b81eab9c66536808cb48a6a8e712d8a1a9bed1a7a9c0d9fac76a797754 47.19MB / 189.60MB 411.3s
#7 sha256:8ebcd0b81eab9c66536808cb48a6a8e712d8a1a9bed1a7a9c0d9fac76a797754 47.19MB / 189.60MB 416.4s
#7 sha256:8ebcd0b81eab9c66536808cb48a6a8e712d8a1a9bed1a7a9c0d9fac76a797754 48.23MB / 189.60MB 421.5s
#7 sha256:8ebcd0b81eab9c66536808cb48a6a8e712d8a1a9bed1a7a9c0d9fac76a797754 48.23MB / 189.60MB 426.6s
#7 sha256:8ebcd0b81eab9c66536808cb48a6a8e712d8a1a9bed1a7a9c0d9fac76a797754 48.23MB / 189.60MB 431.7s
#7 sha256:8ebcd0b81eab9c66536808cb48a6a8e712d8a1a9bed1a7a9c0d9fac76a797754 48.23MB / 189.60MB 436.7s
#7 sha256:8ebcd0b81eab9c66536808cb48a6a8e712d8a1a9bed1a7a9c0d9fac76a797754 48.23MB / 189.60MB 441.8s
#7 sha256:8ebcd0b81eab9c66536808cb48a6a8e712d8a1a9bed1a7a9c0d9fac76a797754 48.23MB / 189.60MB 446.9s
#7 sha256:8ebcd0b81eab9c66536808cb48a6a8e712d8a1a9bed1a7a9c0d9fac76a797754 48.23MB / 189.60MB 452.0s
#7 sha256:8ebcd0b81eab9c66536808cb48a6a8e712d8a1a9bed1a7a9c0d9fac76a797754 50.33MB / 189.60MB 457.1s
#7 sha256:8ebcd0b81eab9c66536808cb48a6a8e712d8a1a9bed1a7a9c0d9fac76a797754 50.33MB / 189.60MB 462.2s
#7 sha256:8ebcd0b81eab9c66536808cb48a6a8e712d8a1a9bed1a7a9c0d9fac76a797754 51.38MB / 189.60MB 467.3s
#7 sha256:8ebcd0b81eab9c66536808cb48a6a8e712d8a1a9bed1a7a9c0d9fac76a797754 51.38MB / 189.60MB 472.4s
#7 sha256:8ebcd0b81eab9c66536808cb48a6a8e712d8a1a9bed1a7a9c0d9fac76a797754 54.53MB / 189.60MB 477.5s
#7 sha256:8ebcd0b81eab9c66536808cb48a6a8e712d8a1a9bed1a7a9c0d9fac76a797754 56.62MB / 189.60MB 482.6s
#7 sha256:8ebcd0b81eab9c66536808cb48a6a8e712d8a1a9bed1a7a9c0d9fac76a797754 58.72MB / 189.60MB 487.7s
#7 sha256:8ebcd0b81eab9c66536808cb48a6a8e712d8a1a9bed1a7a9c0d9fac76a797754 59.77MB / 189.60MB 492.8s
#7 sha256:8ebcd0b81eab9c66536808cb48a6a8e712d8a1a9bed1a7a9c0d9fac76a797754 60.82MB / 189.60MB 497.9s
#7 sha256:8ebcd0b81eab9c66536808cb48a6a8e712d8a1a9bed1a7a9c0d9fac76a797754 62.91MB / 189.60MB 503.0s
#7 sha256:8ebcd0b81eab9c66536808cb48a6a8e712d8a1a9bed1a7a9c0d9fac76a797754 63.96MB / 189.60MB 508.1s
#7 sha256:8ebcd0b81eab9c66536808cb48a6a8e712d8a1a9bed1a7a9c0d9fac76a797754 63.96MB / 189.60MB 513.2s
#7 sha256:8ebcd0b81eab9c66536808cb48a6a8e712d8a1a9bed1a7a9c0d9fac76a797754 63.96MB / 189.60MB 518.3s
#7 sha256:8ebcd0b81eab9c66536808cb48a6a8e712d8a1a9bed1a7a9c0d9fac76a797754 63.96MB / 189.60MB 523.4s
#7 sha256:8ebcd0b81eab9c66536808cb48a6a8e712d8a1a9bed1a7a9c0d9fac76a797754 63.96MB / 189.60MB 528.5s
#7 sha256:8ebcd0b81eab9c66536808cb48a6a8e712d8a1a9bed1a7a9c0d9fac76a797754 63.96MB / 189.60MB 533.6s
#7 sha256:8ebcd0b81eab9c66536808cb48a6a8e712d8a1a9bed1a7a9c0d9fac76a797754 63.96MB / 189.60MB 538.7s
#7 sha256:8ebcd0b81eab9c66536808cb48a6a8e712d8a1a9bed1a7a9c0d9fac76a797754 65.01MB / 189.60MB 543.8s
#7 sha256:8ebcd0b81eab9c66536808cb48a6a8e712d8a1a9bed1a7a9c0d9fac76a797754 66.06MB / 189.60MB 548.9s
#7 sha256:8ebcd0b81eab9c66536808cb48a6a8e712d8a1a9bed1a7a9c0d9fac76a797754 67.11MB / 189.60MB 554.0s
#7 sha256:8ebcd0b81eab9c66536808cb48a6a8e712d8a1a9bed1a7a9c0d9fac76a797754 69.21MB / 189.60MB 559.2s
#7 sha256:8ebcd0b81eab9c66536808cb48a6a8e712d8a1a9bed1a7a9c0d9fac76a797754 73.40MB / 189.60MB 564.4s
#7 sha256:8ebcd0b81eab9c66536808cb48a6a8e712d8a1a9bed1a7a9c0d9fac76a797754 77.59MB / 189.60MB 569.5s
#7 sha256:8ebcd0b81eab9c66536808cb48a6a8e712d8a1a9bed1a7a9c0d9fac76a797754 81.79MB / 189.60MB 574.6s
#7 sha256:8ebcd0b81eab9c66536808cb48a6a8e712d8a1a9bed1a7a9c0d9fac76a797754 85.98MB / 189.60MB 579.7s
#7 sha256:8ebcd0b81eab9c66536808cb48a6a8e712d8a1a9bed1a7a9c0d9fac76a797754 89.13MB / 189.60MB 584.7s
#7 sha256:8ebcd0b81eab9c66536808cb48a6a8e712d8a1a9bed1a7a9c0d9fac76a797754 92.27MB / 189.60MB 589.8s
#7 sha256:8ebcd0b81eab9c66536808cb48a6a8e712d8a1a9bed1a7a9c0d9fac76a797754 97.52MB / 189.60MB 594.9s
#7 sha256:8ebcd0b81eab9c66536808cb48a6a8e712d8a1a9bed1a7a9c0d9fac76a797754 100.66MB / 189.60MB 600.0s
#7 sha256:8ebcd0b81eab9c66536808cb48a6a8e712d8a1a9bed1a7a9c0d9fac76a797754 102.76MB / 189.60MB 605.1s
#7 sha256:8ebcd0b81eab9c66536808cb48a6a8e712d8a1a9bed1a7a9c0d9fac76a797754 105.91MB / 189.60MB 610.2s
#7 sha256:8ebcd0b81eab9c66536808cb48a6a8e712d8a1a9bed1a7a9c0d9fac76a797754 110.10MB / 189.60MB 615.3s
#7 sha256:8ebcd0b81eab9c66536808cb48a6a8e712d8a1a9bed1a7a9c0d9fac76a797754 113.25MB / 189.60MB 620.4s
#7 sha256:8ebcd0b81eab9c66536808cb48a6a8e712d8a1a9bed1a7a9c0d9fac76a797754 116.39MB / 189.60MB 625.5s
#7 sha256:8ebcd0b81eab9c66536808cb48a6a8e712d8a1a9bed1a7a9c0d9fac76a797754 117.44MB / 189.60MB 630.6s
#7 sha256:8ebcd0b81eab9c66536808cb48a6a8e712d8a1a9bed1a7a9c0d9fac76a797754 118.49MB / 189.60MB 635.7s
#7 sha256:8ebcd0b81eab9c66536808cb48a6a8e712d8a1a9bed1a7a9c0d9fac76a797754 122.68MB / 189.60MB 640.8s
#7 sha256:8ebcd0b81eab9c66536808cb48a6a8e712d8a1a9bed1a7a9c0d9fac76a797754 125.83MB / 189.60MB 645.9s
#7 sha256:8ebcd0b81eab9c66536808cb48a6a8e712d8a1a9bed1a7a9c0d9fac76a797754 128.97MB / 189.60MB 651.0s
#7 sha256:8ebcd0b81eab9c66536808cb48a6a8e712d8a1a9bed1a7a9c0d9fac76a797754 130.02MB / 189.60MB 656.1s
#7 sha256:8ebcd0b81eab9c66536808cb48a6a8e712d8a1a9bed1a7a9c0d9fac76a797754 130.02MB / 189.60MB 661.1s
#7 sha256:8ebcd0b81eab9c66536808cb48a6a8e712d8a1a9bed1a7a9c0d9fac76a797754 130.02MB / 189.60MB 666.2s
#7 sha256:8ebcd0b81eab9c66536808cb48a6a8e712d8a1a9bed1a7a9c0d9fac76a797754 131.07MB / 189.60MB 671.3s
#7 sha256:8ebcd0b81eab9c66536808cb48a6a8e712d8a1a9bed1a7a9c0d9fac76a797754 132.12MB / 189.60MB 676.4s
#7 sha256:8ebcd0b81eab9c66536808cb48a6a8e712d8a1a9bed1a7a9c0d9fac76a797754 133.17MB / 189.60MB 681.5s
#7 sha256:8ebcd0b81eab9c66536808cb48a6a8e712d8a1a9bed1a7a9c0d9fac76a797754 135.27MB / 189.60MB 686.6s
#7 sha256:8ebcd0b81eab9c66536808cb48a6a8e712d8a1a9bed1a7a9c0d9fac76a797754 136.31MB / 189.60MB 691.7s
#7 sha256:8ebcd0b81eab9c66536808cb48a6a8e712d8a1a9bed1a7a9c0d9fac76a797754 137.36MB / 189.60MB 696.8s
#7 sha256:8ebcd0b81eab9c66536808cb48a6a8e712d8a1a9bed1a7a9c0d9fac76a797754 137.36MB / 189.60MB 701.9s
#7 sha256:8ebcd0b81eab9c66536808cb48a6a8e712d8a1a9bed1a7a9c0d9fac76a797754 137.36MB / 189.60MB 706.9s
#7 sha256:8ebcd0b81eab9c66536808cb48a6a8e712d8a1a9bed1a7a9c0d9fac76a797754 137.36MB / 189.60MB 712.0s
#7 sha256:8ebcd0b81eab9c66536808cb48a6a8e712d8a1a9bed1a7a9c0d9fac76a797754 137.36MB / 189.60MB 717.1s
#7 sha256:8ebcd0b81eab9c66536808cb48a6a8e712d8a1a9bed1a7a9c0d9fac76a797754 140.51MB / 189.60MB 722.2s
#7 sha256:8ebcd0b81eab9c66536808cb48a6a8e712d8a1a9bed1a7a9c0d9fac76a797754 144.70MB / 189.60MB 727.3s
#7 sha256:8ebcd0b81eab9c66536808cb48a6a8e712d8a1a9bed1a7a9c0d9fac76a797754 146.80MB / 189.60MB 732.4s
#7 sha256:8ebcd0b81eab9c66536808cb48a6a8e712d8a1a9bed1a7a9c0d9fac76a797754 148.90MB / 189.60MB 737.5s
#7 sha256:8ebcd0b81eab9c66536808cb48a6a8e712d8a1a9bed1a7a9c0d9fac76a797754 152.04MB / 189.60MB 742.6s
#7 sha256:8ebcd0b81eab9c66536808cb48a6a8e712d8a1a9bed1a7a9c0d9fac76a797754 154.14MB / 189.60MB 747.7s
#7 sha256:8ebcd0b81eab9c66536808cb48a6a8e712d8a1a9bed1a7a9c0d9fac76a797754 157.29MB / 189.60MB 752.8s
#7 sha256:8ebcd0b81eab9c66536808cb48a6a8e712d8a1a9bed1a7a9c0d9fac76a797754 163.58MB / 189.60MB 757.9s
#7 sha256:8ebcd0b81eab9c66536808cb48a6a8e712d8a1a9bed1a7a9c0d9fac76a797754 169.87MB / 189.60MB 763.0s
#7 sha256:8ebcd0b81eab9c66536808cb48a6a8e712d8a1a9bed1a7a9c0d9fac76a797754 171.97MB / 189.60MB 768.1s
#7 sha256:8ebcd0b81eab9c66536808cb48a6a8e712d8a1a9bed1a7a9c0d9fac76a797754 176.16MB / 189.60MB 773.2s
#7 sha256:8ebcd0b81eab9c66536808cb48a6a8e712d8a1a9bed1a7a9c0d9fac76a797754 183.50MB / 189.60MB 778.3s
#7 sha256:8ebcd0b81eab9c66536808cb48a6a8e712d8a1a9bed1a7a9c0d9fac76a797754 188.74MB / 189.60MB 783.4s
#7 sha256:8ebcd0b81eab9c66536808cb48a6a8e712d8a1a9bed1a7a9c0d9fac76a797754 189.60MB / 189.60MB 785.1s done
#7 DONE 860.3s

#7 [build 1/6] FROM mcr.microsoft.com/dotnet/sdk:10.0@sha256:35d40304542c8689331f8cab17c65926cdf48fe711e289321d71924b230a7d29
#7 extracting sha256:8ebcd0b81eab9c66536808cb48a6a8e712d8a1a9bed1a7a9c0d9fac76a797754
#7 extracting sha256:8ebcd0b81eab9c66536808cb48a6a8e712d8a1a9bed1a7a9c0d9fac76a797754 39.7s done
#7 extracting sha256:3764d0bde8e56f9d1f8484738536609feaf082dc402901650dc083cc306ad317
#7 extracting sha256:3764d0bde8e56f9d1f8484738536609feaf082dc402901650dc083cc306ad317 2.1s done
#7 DONE 902.1s

#7 [build 1/6] FROM mcr.microsoft.com/dotnet/sdk:10.0@sha256:35d40304542c8689331f8cab17c65926cdf48fe711e289321d71924b230a7d29
#7 extracting sha256:5fe2b873c8840e85db37b83eb4f7306fc7b406e2714b68f4231520f2d5b72d6e 0.1s done
#7 extracting sha256:8ccc63740347e02ec875e83e36c3d87332868b615b4a9d3e63690ab9c61ec3e3
#7 extracting sha256:8ccc63740347e02ec875e83e36c3d87332868b615b4a9d3e63690ab9c61ec3e3 4.3s done
#7 DONE 906.5s

#10 [build 2/6] WORKDIR /src
#10 DONE 2.9s

#11 [build 3/6] COPY [backend/IOTAgriBackend.csproj, backend/]
#11 DONE 0.2s

#12 [build 4/6] RUN dotnet restore "backend/IOTAgriBackend.csproj"
#12 12.22   Determining projects to restore...
#12 70.94   Restored /src/backend/IOTAgriBackend.csproj (in 57.46 sec).
#12 DONE 74.2s

#13 [build 3/6] COPY [backend/IOTAgriBackend.csproj, backend/]
#13 CACHED

#14 [build 4/6] RUN dotnet restore "backend/IOTAgriBackend.csproj"
#14 CACHED

#15 [build 5/6] COPY . .
#15 DONE 12.1s

#16 [build 6/6] RUN dotnet publish "backend/IOTAgriBackend.csproj" -c Release -o /app/publish /p:UseAppHost=false
#16 16.77   Determining projects to restore...
#16 19.53   All projects are up-to-date for restore.
#16 40.24   IOTAgriBackend -> /src/backend/bin/Release/net10.0/IOTAgriBackend.dll
#16 40.87   IOTAgriBackend -> /app/publish/
#16 DONE 41.6s

#17 [stage-1 3/3] COPY --from=build /app/publish .
#17 DONE 1.8s

#18 exporting to image
#18 exporting layers
#18 exporting layers 2.7s done
#18 exporting manifest sha256:61ae2b89e610bac537fa2376f7a783710cf18795b062c4bdbf88fed1140b9458 0.0s done
#18 exporting config sha256:b5df66a1249e23d83a3509c33bf17c82cf5e803e41046ccef72e8152e23cb5ff 0.1s done
#18 exporting attestation manifest sha256:99011e8806dbe0bfd6f9ffe5d6272be0357b7f3a36500ec72b02310ebcc6d101
#18 exporting attestation manifest sha256:99011e8806dbe0bfd6f9ffe5d6272be0357b7f3a36500ec72b02310ebcc6d101 0.9s done
#18 exporting manifest list sha256:face6d0882ef40c193f3fad2e039ede928ea5bfb5cccb30781c683d90a77d6c5
#18 exporting manifest list sha256:face6d0882ef40c193f3fad2e039ede928ea5bfb5cccb30781c683d90a77d6c5 0.0s done
#18 naming to docker.io/library/iotagri-api:latest 0.0s done
#18 unpacking to docker.io/library/iotagri-api:latest
#18 unpacking to docker.io/library/iotagri-api:latest 0.4s done
#18 DONE 4.3s

#19 resolving provenance for metadata file
#19 DONE 0.4s
